// Jest Snapshot v1, https://goo.gl/fbAQLP

exports[`DTable Should render props.content to the component element 1`] = `<nav role="navigation" class="content fontHuge"><b>Some html content</b></nav>`;
