// Jest Snapshot v1, https://goo.gl/fbAQLP

exports[`DLoader Should render props.content 1`] = `
<div class="wrapper">
  <!---->
  <transition-stub enteractiveclass="transitionEnterActive" leaveactiveclass="transitionLeaveActive" appear="true" persisted="false" css="true">
    <div class="dLoader colorSchemePrimary fontHuge roundingFull sizeMedium transitionFast" style="--z-index: 1001; --animation-duration: 650ms;">
      <div>...</div>
    </div>
  </transition-stub>
</div>
`;
